../Peripherals/Src/stm32f4xx_can.c:161:6:CAN_DeInit	16	static
../Peripherals/Src/stm32f4xx_can.c:210:9:CAN_Init	24	static
../Peripherals/Src/stm32f4xx_can.c:442:6:CAN_FilterInit	24	static
../Peripherals/Src/stm32f4xx_can.c:534:6:CAN_StructInit	16	static
../Peripherals/Src/stm32f4xx_can.c:600:6:CAN_SlaveStartBank	16	static
../Peripherals/Src/stm32f4xx_can.c:626:6:CAN_DBGFreeze	16	static
../Peripherals/Src/stm32f4xx_can.c:657:6:CAN_TTComModeCmd	16	static
../Peripherals/Src/stm32f4xx_can.c:712:9:CAN_Transmit	24	static
../Peripherals/Src/stm32f4xx_can.c:785:9:CAN_TransmitStatus	24	static
../Peripherals/Src/stm32f4xx_can.c:840:6:CAN_CancelTransmit	16	static
../Peripherals/Src/stm32f4xx_can.c:888:6:CAN_Receive	24	static
../Peripherals/Src/stm32f4xx_can.c:938:6:CAN_FIFORelease	16	static
../Peripherals/Src/stm32f4xx_can.c:962:9:CAN_MessagePending	24	static
../Peripherals/Src/stm32f4xx_can.c:1012:9:CAN_OperatingModeRequest	24	static
../Peripherals/Src/stm32f4xx_can.c:1094:9:CAN_Sleep	24	static
../Peripherals/Src/stm32f4xx_can.c:1120:9:CAN_WakeUp	24	static
../Peripherals/Src/stm32f4xx_can.c:1182:9:CAN_GetLastErrorCode	24	static
../Peripherals/Src/stm32f4xx_can.c:1208:9:CAN_GetReceiveErrorCounter	24	static
../Peripherals/Src/stm32f4xx_can.c:1229:9:CAN_GetLSBTransmitErrorCounter	24	static
../Peripherals/Src/stm32f4xx_can.c:1435:6:CAN_ITConfig	24	static
../Peripherals/Src/stm32f4xx_can.c:1476:12:CAN_GetFlagStatus	24	static
../Peripherals/Src/stm32f4xx_can.c:1577:6:CAN_ClearFlag	24	static
../Peripherals/Src/stm32f4xx_can.c:1638:10:CAN_GetITStatus	24	static
../Peripherals/Src/stm32f4xx_can.c:1743:6:CAN_ClearITPendingBit	16	static
../Peripherals/Src/stm32f4xx_can.c:1821:17:CheckITStatus	24	static
